/* Forward declarations */
typedef  struct TYPE_3__   TYPE_1__ ;

/* Type definitions */
struct T1 {int member_0; int /*<<< orphan*/  member_1; } ;
struct TYPE_3__ {double member_0; double member_1; } ;
typedef  TYPE_1__ T2 ;

/* Variables and functions */
#define  x1 130 
#define  x2 129 
#define  y2 128 

