/* Forward declarations */
typedef  struct TYPE_10__   TYPE_7__ ;
typedef  struct TYPE_9__   TYPE_1__ ;

/* Type definitions */
struct T1 {int member_0; int /*<<< orphan or scalar*/ member_1; } ;
struct TYPE_10__ {double member_0; double member_1; } ;
struct TYPE_9__ {int member_0; int /*<<< orphan or scalar*/ member_1; } ;
typedef  TYPE_7__ T2 ;

/* Variables */
#define  x1 130 
#define  x2 129 
#define  y2 128 

