/* Forward declarations */
typedef  struct TYPE_8__   TYPE_2__ ;
typedef  struct TYPE_7__   TYPE_1__ ;

/* Type definitions */
struct TYPE_7__ {unsigned int* vector2; int size2; } ;
typedef  TYPE_1__ set2 ;
struct TYPE_8__ {unsigned int* vector; int size; } ;
typedef  TYPE_2__ set ;

/* Variables */
unsigned int INT_BITS ; 
unsigned int INT_BITS2 ; 

