/* Forward declarations */
typedef  struct TYPE_6__   TYPE_2__ ;
typedef  struct TYPE_5__   TYPE_1__ ;

/* Type definitions */
struct TYPE_5__ {unsigned int* vector2; unsigned int size2; } ;
typedef  TYPE_1__ set2 ;
struct TYPE_6__ {unsigned int* vector; unsigned int size; } ;
typedef  TYPE_2__ set ;

/* Variables and functions */
 unsigned int INT_BITS ;
 unsigned int INT_BITS2 ;
 scalar_t__ malloc (int) ;
