/* Forward declarations */
typedef  struct TYPE_7__   TYPE_1__ ;

/* Type definitions */
struct option {char* member_0; char member_3; int /*<<< orphan or scalar*/* member_2; int /*<<< orphan or scalar*/ member_1; } ;
struct TYPE_7__ {char* member_0; char member_3; int /*<<< orphan or scalar*/* member_2; int /*<<< orphan or scalar*/ member_1; } ;

/* Variables */
#define  no_argument 128 

