/* Forward declarations */
typedef  struct TYPE_4__   TYPE_1__ ;

/* Type definitions */
struct TYPE_4__ {double data; struct TYPE_4__* next; } ;
typedef  int /*<<< orphan or scalar*/ Result ;
typedef  TYPE_1__* List ;
typedef  int /*<<< orphan or scalar*/ Chain ;

/* Variables */
int /*<<< orphan or scalar*/ analyse (TYPE_1__*) ; 

