typedef  int /*<<< orphan or scalar*/ (* T4 ) () ;
typedef  int /*<<< orphan or scalar*/ (* T3 ) () ;
typedef  int /*<<< orphan or scalar*/ (* T2 ) () ;
typedef  int /*<<< orphan or scalar*/ (* T1 ) () ;
typedef  int /*<<< orphan or scalar*/ (* S4 ) () ;
typedef  int /*<<< orphan or scalar*/ (* S3 ) () ;
typedef  int /*<<< orphan or scalar*/ (* S2 ) () ;
typedef  int /*<<< orphan or scalar*/ (* S1 ) () ;
typedef  int /*<<< orphan or scalar*/ (* Q4 ) () ;
typedef  int /*<<< orphan or scalar*/ (* Q3 ) () ;
typedef  int /*<<< orphan or scalar*/ (* Q2 ) () ;
typedef  int /*<<< orphan or scalar*/ (* Q1 ) () ;
int /*<<< orphan or scalar*/ f () ;
int /*<<< orphan or scalar*/ g () ;
int /*<<< orphan or scalar*/ h () ;
