/* Forward declarations */

/* Type definitions */
typedef  int const T9y ;
typedef  int* T9x ;
typedef  int const* T8y ;
typedef  int* T8x ;
typedef  int* T7y ;
typedef  int* T7x ;
typedef  int* T6 ;
typedef  int const* T5 ;
typedef  int const* T4 ;
typedef  int const* T35 ;
typedef  int const* T34 ;
typedef  int const* T33 ;
typedef  int const* T32 ;
typedef  int const* T31 ;
typedef  int* T3 ;
typedef  int T27 ;
typedef  int T26 ;
typedef  int T25 ;
typedef  int T24 ;
typedef  int T23 ;
typedef  int** T22 ;
typedef  int T21y ;
typedef  int* T21x ;
typedef  int* T20y ;
typedef  int* T20x ;
typedef  int* T2 ;
typedef  int* T19y ;
typedef  int* T19x ;
typedef  int* T18y ;
typedef  int* T18x ;
typedef  int T17y ;
typedef  int* T17x ;
typedef  int T16y ;
typedef  int* T16x ;
typedef  int T15y ;
typedef  int* T15x ;
typedef  int T14y ;
typedef  int* T14x ;
typedef  int T13 ;
typedef  int* T12 ;
typedef  int* T11 ;
typedef  int const T10y ;
typedef  int* T10x ;
typedef  int const* T1 ;
typedef  int* T0 ;

/* Variables */

