/* Forward declarations */

/* Type definitions */
typedef  int const T9y ;
typedef  int* T9x ;
typedef  int const* T8y ;
typedef  int* T8x ;
typedef  int* T7y ;
typedef  int* T7x ;
typedef  int* T6 ;
typedef  int const* T5 ;
typedef  int const* T4 ;
typedef  int const* T35 ;
typedef  int const* T34 ;
typedef  int const* T33 ;
typedef  int const* T32 ;
typedef  int const* T31 ;
typedef  void* T3 ;
typedef  int T27 ;
typedef  int T26 ;
typedef  int T25 ;
typedef  int T24 ;
typedef  int T23 ;
typedef  int** T22 ;
typedef  int /*<<< orphan*/  T21y ;
typedef  void* T21x ;
typedef  int* T20y ;
typedef  int* T20x ;
typedef  void* T2 ;
typedef  void* T19y ;
typedef  void* T19x ;
typedef  void* T18y ;
typedef  void* T18x ;
typedef  int /*<<< orphan*/  T17y ;
typedef  void* T17x ;
typedef  int /*<<< orphan*/  T16y ;
typedef  void* T16x ;
typedef  int /*<<< orphan*/  T15y ;
typedef  void* T15x ;
typedef  int /*<<< orphan*/  T14y ;
typedef  void* T14x ;
typedef  int T13 ;
typedef  void* T12 ;
typedef  void* T11 ;
typedef  int const T10y ;
typedef  int* T10x ;
typedef  int const* T1 ;
typedef  int* T0 ;

/* Variables and functions */

