struct __T0__ {uintptr_t (* b ) (int,double) ;} a ;
uintptr_t g (int,double) ;
struct __T1__ {uintptr_t (* y ) (int,double) ;}* m ;
uintptr_t stub1 (int,double) ;
uintptr_t stub2 (int,double) ;
uintptr_t stub3 (int,double) ;
uintptr_t stub4 (int,double) ;
struct __T2__ {uintptr_t (* y ) (int,double) ;}* x ;
