struct __T0__ {int /*<<< orphan or scalar*/ (* b ) (int,double) ;} a ;
int /*<<< orphan or scalar*/ g (int,double) ;
struct __T1__ {int /*<<< orphan or scalar*/ (* y ) (int,double) ;}* m ;
int /*<<< orphan or scalar*/ stub1 (int,double) ;
int /*<<< orphan or scalar*/ stub2 (int,double) ;
int /*<<< orphan or scalar*/ stub3 (int,double) ;
int /*<<< orphan or scalar*/ stub4 (int,double) ;
struct __T2__ {int /*<<< orphan or scalar*/ (* y ) (int,double) ;}* x ;
