/* Forward declarations */
typedef  struct TYPE_12__   TYPE_6__ ;
typedef  struct TYPE_11__   TYPE_5__ ;
typedef  struct TYPE_10__   TYPE_4__ ;
typedef  struct TYPE_9__   TYPE_3__ ;
typedef  struct TYPE_8__   TYPE_2__ ;
typedef  struct TYPE_7__   TYPE_1__ ;

/* Type definitions */
struct TYPE_9__ {int u; } ;
struct TYPE_12__ {TYPE_3__ k; } ;
struct TYPE_8__ {int p; } ;
struct TYPE_11__ {TYPE_2__ n; } ;
struct TYPE_10__ {TYPE_1__* y; } ;
struct TYPE_7__ {double z; } ;

/* Variables and functions */
 TYPE_6__ j ; 
 TYPE_5__ m ; 
 TYPE_4__* x ; 

