/* Forward declarations */
typedef  struct TYPE_16__   TYPE_9__ ;
typedef  struct TYPE_15__   TYPE_8__ ;
typedef  struct TYPE_14__   TYPE_6__ ;
typedef  struct TYPE_13__   TYPE_4__ ;
typedef  struct TYPE_12__   TYPE_1__ ;
typedef  struct TYPE_11__   TYPE_10__ ;

/* Type definitions */
struct TYPE_13__ {int p; } ;
struct TYPE_16__ {TYPE_4__ n; } ;
struct TYPE_15__ {TYPE_1__* y; } ;
struct TYPE_14__ {int u; } ;
struct TYPE_12__ {double z; } ;
struct TYPE_11__ {TYPE_6__ k; } ;

/* Variables */
TYPE_10__ j ; 
TYPE_9__ m ; 
TYPE_8__* x ; 

