/* Forward declarations */
typedef  struct TYPE_36__   TYPE_9__ ;
typedef  struct TYPE_35__   TYPE_8__ ;
typedef  struct TYPE_34__   TYPE_7__ ;
typedef  struct TYPE_33__   TYPE_6__ ;
typedef  struct TYPE_32__   TYPE_5__ ;
typedef  struct TYPE_31__   TYPE_4__ ;
typedef  struct TYPE_30__   TYPE_3__ ;
typedef  struct TYPE_29__   TYPE_2__ ;
typedef  struct TYPE_28__   TYPE_1__ ;
typedef  struct TYPE_27__   TYPE_13__ ;

/* Type definitions */
struct Elab {int val; } ;
struct Bale {double lav; } ;
struct TYPE_36__ {int qs; } ;
struct TYPE_35__ {int y; } ;
struct TYPE_34__ {int z; } ;
struct TYPE_33__ {TYPE_7__ w; } ;
struct TYPE_31__ {int yy; } ;
struct TYPE_32__ {TYPE_4__ xx; } ;
struct TYPE_30__ {int zz; } ;
struct TYPE_29__ {TYPE_3__ ww; } ;
struct TYPE_28__ {int cd; } ;
struct TYPE_27__ {TYPE_8__ x; } ;
typedef  TYPE_1__* T9 ;
typedef  TYPE_2__* T8 ;
typedef  TYPE_3__ T7 ;
typedef  TYPE_4__ T6 ;
typedef  TYPE_5__* T5 ;
typedef  TYPE_6__ T4 ;
typedef  TYPE_7__ T3 ;
typedef  TYPE_8__ T2 ;
typedef  TYPE_9__* T13 ;
typedef  TYPE_9__* T12 ;
typedef  TYPE_1__* T11 ;
typedef  TYPE_1__ T10 ;
typedef  TYPE_13__ T1 ;
typedef  struct Elab ElabAlias ;

/* Variables and functions */

