/* Forward declarations */
typedef  struct TYPE_5__   TYPE_2__ ;
typedef  struct TYPE_4__   TYPE_1__ ;

/* Type definitions */
typedef  TYPE_1__* gdsl_rbtree_t ;
typedef  TYPE_2__* gdsl_rbtree_node_t ;
struct TYPE_5__ {struct TYPE_5__* right; } ;
struct TYPE_4__ {TYPE_2__ sent; } ;

/* Variables and functions */

