/* Forward declarations */
typedef  struct TYPE_35__   TYPE_9__ ;
typedef  struct TYPE_34__   TYPE_8__ ;
typedef  struct TYPE_33__   TYPE_7__ ;
typedef  struct TYPE_32__   TYPE_6__ ;
typedef  struct TYPE_31__   TYPE_5__ ;
typedef  struct TYPE_30__   TYPE_4__ ;
typedef  struct TYPE_29__   TYPE_3__ ;
typedef  struct TYPE_28__   TYPE_2__ ;
typedef  struct TYPE_27__   TYPE_1__ ;
typedef  struct TYPE_26__   TYPE_18__ ;
typedef  struct TYPE_25__   TYPE_17__ ;
typedef  struct TYPE_24__   TYPE_15__ ;
typedef  struct TYPE_23__   TYPE_14__ ;
typedef  struct TYPE_22__   TYPE_13__ ;
typedef  struct TYPE_21__   TYPE_12__ ;
typedef  struct TYPE_20__   TYPE_11__ ;
typedef  struct TYPE_19__   TYPE_10__ ;

/* Type definitions */
typedef  TYPE_12__* YYY ;
typedef  int /*<<< orphan*/  Whatever ;
struct TYPE_35__ {int d; } ;
struct TYPE_34__ {TYPE_7__* hhhhh; } ;
struct TYPE_33__ {int ptrobj; char* ptrobj2; } ;
struct TYPE_32__ {TYPE_5__* hh; } ;
struct TYPE_31__ {int xkhi; double abcd; } ;
struct TYPE_30__ {TYPE_3__* n; } ;
struct TYPE_28__ {char* r; char s; } ;
struct TYPE_29__ {double p; TYPE_2__ q; } ;
struct TYPE_27__ {int w; } ;
struct TYPE_19__ {TYPE_13__* g; } ;
struct TYPE_20__ {TYPE_10__ f; } ;
struct TYPE_26__ {int b; TYPE_11__ e; TYPE_9__* c; } ;
struct TYPE_25__ {struct TYPE_25__* prev; TYPE_13__* big; } ;
struct TYPE_24__ {TYPE_8__ kkkkkk; TYPE_6__* kk; } ;
struct TYPE_23__ {struct TYPE_23__* next; } ;
struct TYPE_22__ {int y; double known; int /*<<< orphan*/  i; TYPE_12__* xxx; TYPE_4__* m; TYPE_1__* z; } ;
struct TYPE_21__ {int uuu; } ;
typedef  TYPE_13__* T ;
typedef  TYPE_14__* Rec ;
typedef  TYPE_15__* JJ ;
typedef  TYPE_13__* B ;

/* Variables and functions */
 TYPE_18__* a ; 
 TYPE_17__* cer ; 

