/* Forward declarations */
typedef  struct TYPE_9__   TYPE_4__ ;
typedef  struct TYPE_8__   TYPE_3__ ;
typedef  struct TYPE_7__   TYPE_2__ ;
typedef  struct TYPE_6__   TYPE_1__ ;

/* Type definitions */
struct TYPE_9__ {TYPE_3__* parent; } ;
struct TYPE_8__ {TYPE_1__* right; } ;
struct TYPE_7__ {TYPE_3__ sent; } ;
struct TYPE_6__ {int /*<<< orphan*/  color; TYPE_4__* parent; } ;

/* Variables and functions */
 int /*<<< orphan*/  BLACK ; 
 TYPE_3__* ln ; 
 TYPE_4__* n ; 
 TYPE_3__* parent ; 
 TYPE_2__* t ; 

