/* Forward declarations */
typedef  struct TYPE_13__   TYPE_8__ ;
typedef  struct TYPE_12__   TYPE_7__ ;
typedef  struct TYPE_11__   TYPE_1__ ;

/* Type definitions */
struct TYPE_13__ {TYPE_1__* right; struct TYPE_13__* parent; } ;
struct TYPE_12__ {TYPE_8__ sent; } ;
struct TYPE_11__ {int /*<<< orphan or scalar*/ color; TYPE_8__* parent; } ;

/* Variables */
int /*<<< orphan or scalar*/ BLACK ; 
TYPE_8__* ln ; 
TYPE_8__* n ; 
TYPE_8__* parent ; 
TYPE_7__* t ; 

