/* Forward declarations */
typedef  struct TYPE_4__   TYPE_2__ ;
typedef  struct TYPE_3__   TYPE_1__ ;

/* Type definitions */
typedef  TYPE_1__* W ;
struct TYPE_4__ {struct TYPE_4__** next; } ;
struct TYPE_3__ {int* a; } ;
typedef  TYPE_2__* T ;

/* Variables and functions */
 void* g ; 
 void* h ; 

