/* Forward declarations */

/* Type definitions */

/* Variables and functions */
 int /*<<< orphan*/  foo (char*) ;
 int /*<<< orphan*/  foo2 (char*) ;
 int /*<<< orphan*/  foo3 (char*) ;
 int /*<<< orphan*/  foo4 (char*) ;
 char* parse_additional_groups ; 
 char* parse_additional_groups2 ; 
 char* parse_additional_groups3 ; 
 char* parse_additional_groups4 ; 
 char* parse_user_spec ; 
 char* parse_user_spec2 ; 
 char* parse_user_spec3 ; 
 char* parse_user_spec4 ; 

