/* Forward declarations */
typedef  struct TYPE_8__   TYPE_4__ ;
typedef  struct TYPE_7__   TYPE_3__ ;
typedef  struct TYPE_6__   TYPE_2__ ;
typedef  struct TYPE_5__   TYPE_1__ ;

/* Type definitions */
struct TYPE_8__ {int member_0; int member_1; } ;
struct TYPE_7__ {int member_0; char* member_1; int member_2; } ;
struct TYPE_5__ {double member_0; double member_1; } ;
struct TYPE_6__ {int member_0; char* member_1; TYPE_1__ member_2; } ;
typedef  TYPE_2__ T3 ;
typedef  TYPE_3__ T2 ;
typedef  TYPE_4__ T1 ;

/* Variables and functions */

