/* Forward declarations */
typedef  struct TYPE_4__   TYPE_1__ ;

/* Type definitions */
struct TYPE_4__ {double data; struct TYPE_4__* next; } ;
typedef  char* Result ;
typedef  TYPE_1__* List ;

/* Variables and functions */
 char* FAIL_MACRO (int) ; 
 scalar_t__ analyse (TYPE_1__*) ;
 TYPE_1__* make () ; 
