/* Forward declarations */
typedef  struct TYPE_2__   TYPE_1__ ;

/* Type definitions */
struct TYPE_2__ {char const* pw_name; } ;

/* Variables and functions */
 int /*<<< orphan*/  buf ;
 char const* imaxtostr (int /*<<< orphan*/ ,int /*<<< orphan*/ ) ;
 TYPE_1__* pwd ;
 int /*<<< orphan*/  uid ;
 char const* umaxtostr (int /*<<< orphan*/ ,int /*<<< orphan*/ ) ;
 scalar_t__ user ;
 int /*<<< orphan*/  xstrdup (char const*) ;

