/* Forward declarations */
typedef  struct TYPE_4__   TYPE_2__ ;
typedef  struct TYPE_3__   TYPE_1__ ;

/* Type definitions */
struct TYPE_4__ {struct TYPE_4__* next; scalar_t__ i; } ;
struct TYPE_3__ {int i; struct TYPE_3__* next; } ;
typedef  TYPE_1__ T2 ;
typedef  TYPE_2__ T ;

/* Variables and functions */
