/* Forward declarations */

/* Type definitions */
typedef  int TT11 ;
typedef  int /*<<< orphan*/ * T9 ;
typedef  int** T8 ;
typedef  int* T7 ;
typedef  int T6 ;
typedef  int T5 ;
typedef  int T4 ;
typedef  int* T3 ;
typedef  double* T2 ;
typedef  double T16 ;
typedef  double* T15 ;
typedef  double* T14 ;
typedef  int* T13 ;
typedef  double* T12 ;
typedef  int* T11 ;
typedef  int* T10 ;
typedef  int* T1 ;

/* Variables and functions */
 int y10 ; 

