/* Forward declarations */
typedef  struct TYPE_8__   TYPE_4__ ;
typedef  struct TYPE_7__   TYPE_3__ ;
typedef  struct TYPE_6__   TYPE_2__ ;
typedef  struct TYPE_5__   TYPE_1__ ;

/* Type definitions */
struct TYPE_8__ {double x; } ;
struct TYPE_7__ {double y; } ;
struct TYPE_6__ {char* z; int w; } ;
struct TYPE_5__ {double val; struct TYPE_5__* next; } ;

/* Variables and functions */
 TYPE_4__ a ; 
 TYPE_3__* b ; 
 TYPE_2__* c ; 
 TYPE_1__* d ; 

