/* Forward declarations */
typedef  struct TYPE_7__   TYPE_1__ ;

/* Type definitions */
typedef  TYPE_1__* link ;
struct TYPE_7__ {struct TYPE_7__* next; int /*<<< orphan*/ item; } ;
typedef  int /*<<< orphan*/ Item ;

/* Variables and functions */
 int /*<<< orphan*/  free (TYPE_1__*) ; 
 TYPE_1__* malloc (int) ; 

