/* Forward declarations */
typedef  struct TYPE_13__   TYPE_1__ ;

/* Type definitions */
typedef  TYPE_1__* link ;
struct TYPE_13__ {int item; struct TYPE_13__* next; } ;

/* Variables and functions */
 TYPE_1__* deleteNext (TYPE_1__*) ; 
 void insertNext (TYPE_1__*,TYPE_1__*) ; 
 TYPE_1__* malloc (int ) ;

