/* Forward declarations */
typedef  struct TYPE_8__   TYPE_2__ ;
typedef  struct TYPE_7__   TYPE_1__ ;

/* Type definitions */
struct TYPE_8__ {int v; int w; } ;
struct TYPE_7__ {int V; int** adj; scalar_t__ E; } ;
typedef  TYPE_1__* Graph ;
typedef  TYPE_2__ Edge ;

/* Variables and functions */
 TYPE_1__* malloc (int) ;

