/* Forward declarations */
typedef  struct TYPE_6__   TYPE_1__ ;

/* Type definitions */
struct TYPE_6__ {float x; float y; } ;
typedef  TYPE_1__ point ;

/* Variables and functions */
 double RAND_MAX ; 
 float atof (char*) ; 
 int atoi (char*) ; 
 float distance (TYPE_1__,TYPE_1__) ; 
 TYPE_1__* malloc (int /*<<< orphan*/ ) ; 
 int /*<<< orphan*/  printf (char*,int,float) ; 
 double rand () ; 

