/* Forward declarations */

/* Type definitions */
typedef  int /*<<< orphan*/  Complex ;

/* Variables and functions*/
int /*<<< orphan*/  COMPLEXinit (double,double) ; 
int /*<<< orphan*/  COMPLEXmult (int /*<<< orphan*/ ,int /*<<< orphan*/ ) ; 
double Im (int /*<<< orphan*/ ) ; 
double Re (int /*<<< orphan*/ ) ; 

