/* Forward declarations */

/* Type definitions */
typedef  int /*<<< orphan*/  Complex ;

/* Variables and functions */
 int /*<<< orphan*/  COMPLEXinit (int /*<<< orphan*/ ,int /*<<< orphan*/ ) ; 
 int /*<<< orphan*/  COMPLEXmult (int /*<<< orphan*/ ,int /*<<< orphan*/ ) ; 
 double Im (int /*<<< orphan*/ ) ; 
 double Re (int /*<<< orphan*/ ) ; 
 int atoi (char*) ; 
 int /*<<< orphan*/  cos (float) ; 
 int /*<<< orphan*/  printf (char*,double,...) ; 
 int /*<<< orphan*/  sin (float) ; 

