/* Forward declarations */

/* Type definitions */
typedef  int /*<<< orphan*/  Q ;

/* Variables and functions */
 int M ; 
 int /*<<< orphan*/  QUEUEempty (int /*<<< orphan*/ ) ; 
 int QUEUEget (int /*<<< orphan*/ ) ; 
 int /*<<< orphan*/  QUEUEinit (int) ; 
 int /*<<< orphan*/  QUEUEput (int /*<<< orphan*/ ,int) ; 
 int atoi (char*) ; 
 int /*<<< orphan*/  printf (char*,...) ; 
 int rand () ; 

