/* Forward declarations */
typedef  struct TYPE_5__   TYPE_1__ ;

/* Type definitions */
typedef  TYPE_1__* link ;
struct TYPE_5__ {int sz; struct TYPE_5__** next; int /*<<< orphan*/  item; } ;
typedef  int /*<<< orphan*/  Item ;

/* Variables and functions */
 int /*<<< orphan*/  NULLitem ; 
 int lgNmax ; 
 void* malloc (int) ; 

