/* Forward declarations */

/* Type definitions */
typedef  int /*<<< orphan*/  Graph ;

/* Variables and functions */
 int GRAPHcc (int /*<<< orphan*/ ) ; 
 int /*<<< orphan*/  GRAPHrand (int,int) ; 
 int /*<<< orphan*/  GRAPHshow (int /*<<< orphan*/ ) ; 
 int atoi (char*) ; 
 int /*<<< orphan*/  printf (char*,int,...) ; 

