/* Forward declarations */
typedef  struct TYPE_13__   TYPE_2__ ;
typedef  struct TYPE_12__   TYPE_1__ ;

/* Type definitions */
struct TYPE_13__ {int v; int w; } ;
struct TYPE_12__ {int V; int** adj; scalar_t__ E; } ;
typedef  TYPE_1__* Graph ;
typedef  TYPE_2__ Edge ;

/* Variables and functions */
 TYPE_2__ EDGE (int,int) ;
 int** MATRIXint (int,int,int /*<<< orphan*/ ) ;
 TYPE_1__* malloc (int) ;
