/* Forward declarations */
typedef  struct TYPE_6__   TYPE_1__ ;

/* Type definitions */
struct TYPE_6__ {double V; int E; } ;
typedef  TYPE_1__* Graph ;

/* Variables and functions */
 int /*<<< orphan*/  EDGE (int,int) ; 
 TYPE_1__* GRAPHinit (int) ; 
 int /*<<< orphan*/  GRAPHinsertE (TYPE_1__*,int /*<<< orphan*/ ) ; 
 double RAND_MAX ; 
 double rand () ; 

