/* Forward declarations */
typedef  struct TYPE_7__   TYPE_1__ ;

/* Type definitions */
struct TYPE_7__ {scalar_t__ E; int V; scalar_t__** adj; } ;
typedef  TYPE_1__* Graph ;

/* Variables and functions */
 int /*<<< orphan*/  EDGE (int,int) ;
 int /*<<< orphan*/  GRAPHinsertE (TYPE_1__*,int /*<<< orphan*/ ) ;
 scalar_t__ GRAPHiso (TYPE_1__*,int) ;
 scalar_t__ GRAPHpath (TYPE_1__*,int,int) ;
 int /*<<< orphan*/  GRAPHremoveE (TYPE_1__*,int /*<<< orphan*/ ) ;
 int /*<<< orphan*/  printf (char*,int,int) ;
