/* Forward declarations */
typedef  struct TYPE_8__   TYPE_1__ ;

/* Type definitions */
struct TYPE_8__ {int E; int V; int** adj; } ;
typedef  TYPE_1__* Graph ;

/* Variables and functions */
 int /*<<< orphan*/  EDGE (int,int) ;
 int /*<<< orphan*/  GRAPHinsertE (TYPE_1__*,int /*<<< orphan*/ ) ;
 int GRAPHiso (TYPE_1__*,int) ;
 int GRAPHpath (TYPE_1__*,int,int) ;
 int /*<<< orphan*/  GRAPHremoveE (TYPE_1__*,int /*<<< orphan*/ ) ;

