/* Forward declarations */

/* Type definitions */
typedef  unsigned short TUS ;
typedef  unsigned long TUL ;
typedef  unsigned int TUI ;
typedef  unsigned short TSIU ;
typedef  short TS ;
typedef  long double TLD ;
typedef  long TL ;
typedef  unsigned int TIU ;
typedef  int TI ;

/* Variables and functions */

