/* Forward declarations */

/* Type definitions */
typedef  int /*<<< orphan*/  F ;
typedef  int /*<<< orphan*/  E ;
typedef  int /*<<< orphan*/  D ;
typedef  int /*<<< orphan*/  C ;
typedef  int /*<<< orphan*/  B ;
typedef  int /*<<< orphan*/  A ;

/* Variables and functions */
 int /*<<< orphan*/  INT8_MAX ; 
 int /*<<< orphan*/  INTMAX_MIN ; 
 int /*<<< orphan*/  INT_FAST16_MIN ; 
 int /*<<< orphan*/  INT_FAST32_MAX ; 
 int /*<<< orphan*/  INT_LEAST32_MAX ; 
 int /*<<< orphan*/  UINTMAX_MAX ; 

