/* Forward declarations */
typedef  struct TYPE_9__   TYPE_3__ ;
typedef  struct TYPE_8__   TYPE_2__ ;
typedef  struct TYPE_7__   TYPE_1__ ;

/* Type definitions */
struct TYPE_9__ {int member_0; } ;
struct TYPE_8__ {double member_0; int member_1; } ;
struct TYPE_7__ {int member_0; char* member_1; } ;
typedef  TYPE_1__ T6 ;
typedef  TYPE_2__ T5 ;
typedef  TYPE_3__ T4 ;
typedef  char* T3 ;
typedef  int T2 ;
typedef  int T1 ;

/* Variables and functions */

